\BOOKMARK [0][-]{chapter*.1}{\376\377\201\364\213\035}{}% 1
\BOOKMARK [0][-]{chapter*.2}{\376\377\144\130\211\201}{}% 2
\BOOKMARK [0][-]{chapter*.3}{\376\377\000A\000b\000s\000t\000r\000a\000c\000t}{}% 3
\BOOKMARK [0][-]{section*.4}{\376\377\166\356\223\004}{}% 4
\BOOKMARK [0][-]{section*.5}{\376\377\127\026\166\356\223\004}{}% 5
\BOOKMARK [0][-]{section*.6}{\376\377\210\150\166\356\223\004}{}% 6
\BOOKMARK [0][-]{chapter*.7}{\376\377\173\046\206\137\122\027\210\150}{}% 7
\BOOKMARK [0][-]{chapter.1}{\376\377\175\322\212\326}{}% 8
\BOOKMARK [1][-]{section.1.1}{\376\377\170\024\172\166\200\314\146\157\202\007\122\325\152\137}{chapter.1}% 9
\BOOKMARK [1][-]{section.1.2}{\376\377\163\376\147\011\145\271\154\325\116\113\116\015\215\263\202\007\170\024\172\166\177\072\123\343}{chapter.1}% 10
\BOOKMARK [1][-]{section.1.3}{\376\377\170\024\172\166\166\356\166\204}{chapter.1}% 11
\BOOKMARK [1][-]{section.1.4}{\376\377\170\024\172\166\214\242\163\173}{chapter.1}% 12
\BOOKMARK [1][-]{section.1.5}{\376\377\212\326\145\207\147\266\151\313}{chapter.1}% 13
\BOOKMARK [0][-]{chapter.2}{\376\377\145\207\163\173\143\242\212\016}{}% 14
\BOOKMARK [1][-]{section.2.1}{\376\377\143\250\205\246\174\373\175\161}{chapter.2}% 15
\BOOKMARK [1][-]{section.2.2}{\376\377\127\026\171\136\175\223\175\262\215\357\000\040\000\050\000G\000r\000a\000p\000h\000\040\000N\000e\000u\000r\000a\000l\000\040\000N\000e\000t\000w\000o\000r\000k\000s\000\051}{chapter.2}% 16
\BOOKMARK [1][-]{section.2.3}{\376\377\167\345\213\130\127\026\213\134\202\007\143\250\205\246\174\373\175\161\116\113\175\120\124\010}{chapter.2}% 17
\BOOKMARK [1][-]{section.2.4}{\376\377\123\357\211\343\221\313\140\047\143\250\205\246\000\040\000\050\000E\000x\000p\000l\000a\000i\000n\000a\000b\000l\000e\000\040\000R\000e\000c\000o\000m\000m\000e\000n\000d\000a\000t\000i\000o\000n\000\051}{chapter.2}% 18
\BOOKMARK [1][-]{section.2.5}{\376\377\163\376\147\011\145\271\154\325\116\113\153\324\217\003\202\007\170\024\172\166\177\072\123\343}{chapter.2}% 19
\BOOKMARK [0][-]{chapter.3}{\376\377\170\024\172\166\145\271\154\325}{}% 20
\BOOKMARK [1][-]{section.3.1}{\376\377\174\373\175\161\147\266\151\313}{chapter.3}% 21
\BOOKMARK [1][-]{section.3.2}{\376\377\214\307\145\231\230\020\206\125\164\006\202\007\167\345\213\130\127\026\213\134\136\372\151\313}{chapter.3}% 22
\BOOKMARK [1][-]{section.3.3}{\376\377\167\345\213\130\127\026\213\134\154\350\141\017\122\233\175\262\215\357\000\040\000\050\000K\000G\000A\000T\000\051}{chapter.3}% 23
\BOOKMARK [2][-]{subsection.3.3.1}{\376\377\000R\000e\000l\000a\000t\000i\000o\000n\000-\000A\000w\000a\000r\000e\000\040\000A\000t\000t\000e\000n\000t\000i\000o\000n\000\040\152\137\122\066}{section.3.3}% 24
\BOOKMARK [2][-]{subsection.3.3.2}{\376\377\000B\000i\000-\000I\000n\000t\000e\000r\000a\000c\000t\000i\000o\000n\000\040\200\132\124\010\152\137\122\066}{section.3.3}% 25
\BOOKMARK [1][-]{section.3.4}{\376\377\144\015\131\061\121\375\145\170\202\007\152\041\127\213\212\023\175\364}{chapter.3}% 26
\BOOKMARK [1][-]{section.3.5}{\376\377\123\357\211\343\221\313\140\047\212\125\117\060\150\106\147\266\000\040\000\050\000F\000i\000d\000e\000l\000i\000t\000y\000\051}{chapter.3}% 27
\BOOKMARK [0][-]{chapter.4}{\376\377\133\346\232\127\212\055\212\010\202\007\175\120\147\234\122\006\147\220}{}% 28
\BOOKMARK [1][-]{section.4.1}{\376\377\133\346\232\127\164\260\130\203\202\007\214\307\145\231\226\306}{chapter.4}% 29
\BOOKMARK [1][-]{section.4.2}{\376\377\134\015\161\147\175\104\152\041\127\213\000\040\000\050\000B\000a\000s\000e\000l\000i\000n\000e\000s\000\051}{chapter.4}% 30
\BOOKMARK [1][-]{section.4.3}{\376\377\133\346\232\127\175\120\147\234\122\006\147\220}{chapter.4}% 31
\BOOKMARK [1][-]{section.4.4}{\376\377\155\210\207\215\133\346\232\127\000\040\000\050\000A\000b\000l\000a\000t\000i\000o\000n\000\040\000S\000t\000u\000d\000y\000\051}{chapter.4}% 32
\BOOKMARK [2][-]{subsection.4.4.1}{\376\377\154\350\141\017\122\233\152\137\122\066\116\113\137\161\227\377}{section.4.4}% 33
\BOOKMARK [2][-]{subsection.4.4.2}{\376\377\167\345\213\130\127\026\213\134\116\113\137\161\227\377}{section.4.4}% 34
\BOOKMARK [2][-]{subsection.4.4.3}{\376\377\127\026\171\136\175\223\175\262\215\357\155\361\136\246\116\113\137\161\227\377}{section.4.4}% 35
\BOOKMARK [1][-]{section.4.5}{\376\377\123\357\211\343\221\313\140\047\212\125\117\060\000\040\000\050\000E\000x\000p\000l\000a\000i\000n\000a\000b\000i\000l\000i\000t\000y\000\040\000E\000v\000a\000l\000u\000a\000t\000i\000o\000n\000\051}{chapter.4}% 36
\BOOKMARK [2][-]{subsection.4.5.1}{\376\377\000F\000i\000d\000e\000l\000i\000t\000y\000\040\221\317\123\026\212\125\117\060\175\120\147\234}{section.4.5}% 37
\BOOKMARK [2][-]{subsection.4.5.2}{\376\377\215\357\137\221\230\136\127\213\134\015\137\340\133\346\136\246\166\204\137\161\227\377}{section.4.5}% 38
\BOOKMARK [2][-]{subsection.4.5.3}{\376\377\150\110\117\213\122\006\147\220}{section.4.5}% 39
\BOOKMARK [0][-]{chapter.5}{\376\377\175\120\212\326\202\007\147\052\117\206\170\024\172\166\145\271\124\021}{}% 40
\BOOKMARK [1][-]{section.5.1}{\376\377\170\024\172\166\175\120\212\326}{chapter.5}% 41
\BOOKMARK [1][-]{section.5.2}{\376\377\170\024\172\166\226\120\122\066}{chapter.5}% 42
\BOOKMARK [1][-]{section.5.3}{\376\377\147\052\117\206\170\024\172\166\145\271\124\021}{chapter.5}% 43
\BOOKMARK [0][-]{section*.25}{\376\377\123\303\200\003\145\207\163\173}{}% 44
\BOOKMARK [0][-]{section*.28}{\376\377\226\104\223\004\000\040\000A\000\040\040\024\000\040\133\346\232\127\145\345\212\214\202\007\212\023\175\364\175\060\173\300}{}% 45
\BOOKMARK [1][-]{section.6.1}{\376\377\000K\000G\000A\000T\000\040\000\050\000L\000=\0003\000\051\000\040\212\023\175\364\220\116\172\013}{section*.28}% 46
\BOOKMARK [1][-]{section.6.2}{\376\377\000B\000a\000s\000e\000l\000i\000n\000e\000\040\152\041\127\213\212\023\175\364\220\116\172\013}{section*.28}% 47
\BOOKMARK [0][-]{section*.34}{\376\377\226\104\223\004\000\040\000B\000\040\040\024\000\040\155\210\207\215\133\346\232\127\120\166\145\170\000\040\000E\000p\000o\000c\000h\000\040\133\214\145\164\145\170\144\332}{}% 48
\BOOKMARK [1][-]{section.7.1}{\376\377\000F\000u\000l\000l\000\040\000K\000G\000A\000T\000\040\000\050\000L\000=\0001\000\051\000\040\120\166\145\170\000\040\000E\000p\000o\000c\000h\000\040\212\023\175\364\220\116\172\013}{section*.34}% 49
\BOOKMARK [1][-]{section.7.2}{\376\377\000w\000/\000o\000\040\000A\000t\000t\000e\000n\000t\000i\000o\000n\000\040\000\050\000L\000=\0001\000\051\000\040\120\166\145\170\000\040\000E\000p\000o\000c\000h\000\040\212\023\175\364\220\116\172\013}{section*.34}% 50
\BOOKMARK [1][-]{section.7.3}{\376\377\000w\000/\000o\000\040\000K\000G\000\040\000\050\000L\000=\0001\000\051\000\040\120\166\145\170\000\040\000E\000p\000o\000c\000h\000\040\212\023\175\364\220\116\172\013}{section*.34}% 51
\BOOKMARK [1][-]{section.7.4}{\376\377\000K\000G\000A\000T\000\040\000\050\000L\000=\0002\000\051\000\040\120\166\145\170\000\040\000E\000p\000o\000c\000h\000\040\212\023\175\364\220\116\172\013}{section*.34}% 52
\BOOKMARK [1][-]{section.7.5}{\376\377\000K\000G\000A\000T\000\040\000\050\000L\000=\0003\000\051\000\040\120\166\145\170\000\040\000E\000p\000o\000c\000h\000\040\212\023\175\364\220\116\172\013}{section*.34}% 53
\BOOKMARK [0][-]{section*.41}{\376\377\226\104\223\004\000\040\000C\000\040\040\024\000\040\167\345\213\130\127\026\213\134\230\020\206\125\164\006\202\007\215\205\175\032\173\300\236\336\220\116\157\376\156\005\125\256}{}% 54
\BOOKMARK [1][-]{section.8.1}{\376\377\230\337\147\120\000\040\000\050\000I\000n\000g\000r\000e\000d\000i\000e\000n\000t\000s\000\051\000\040\126\152\227\363\202\007\220\116\157\376\156\005\125\256}{section*.41}% 55
\BOOKMARK [1][-]{section.8.2}{\376\377\152\031\174\144\000\040\000\050\000T\000a\000g\000s\000\051\000\040\126\152\227\363\202\007\220\116\157\376\156\005\125\256}{section*.41}% 56
